08:27:31 **** Incremental Build of configuration Debug for project stm32 ****
make -j8 all 
arm-none-eabi-size   stm32.elf 
   text	   data	    bss	    dec	    hex	filename
  45144	    852	   6172	  52168	   cbc8	stm32.elf
Finished building: default.size.stdout
 
08:27:42 **** Incremental Build of configuration Debug for project stm32 ****
make -j8 all 
arm-none-eabi-size   stm32.elf 
   text	   data	    bss	    dec	    hex	filename
  45144	    852	   6172	  52168	   cbc8	stm32.elf
Finished building: default.size.stdout
 
08:28:22 **** Incremental Build of configuration Debug for project stm32 ****
make -j8 all 
arm-none-eabi-size   stm32.elf 
   text	   data	    bss	    dec	    hex	filename
  45144	    852	   6172	  52168	   cbc8	stm32.elf
Finished building: default.size.stdout
 
