10:34:37 **** Incremental Build of configuration Debug for project stm32 ****
make -j8 all 
arm-none-eabi-size   stm32.elf 
   text	   data	    bss	    dec	    hex	filename
  43612	    852	   6172	  50636	   c5cc	stm32.elf
Finished building: default.size.stdout
 
10:34:46 **** Incremental Build of configuration Debug for project stm32 ****
make -j8 all 
arm-none-eabi-size   stm32.elf 
   text	   data	    bss	    dec	    hex	filename
  43612	    852	   6172	  50636	   c5cc	stm32.elf
Finished building: default.size.stdout
 
10:34:47 **** Incremental Build of configuration Debug for project stm32 ****
make -j8 all 
arm-none-eabi-size   stm32.elf 
   text	   data	    bss	    dec	    hex	filename
  43612	    852	   6172	  50636	   c5cc	stm32.elf
Finished building: default.size.stdout
 
10:34:59 **** Incremental Build of configuration Debug for project stm32 ****
make -j8 all 
arm-none-eabi-size   stm32.elf 
   text	   data	    bss	    dec	    hex	filename
  43612	    852	   6172	  50636	   c5cc	stm32.elf
Finished building: default.size.stdout
 
10:35:28 **** Incremental Build of configuration Debug for project stm32 ****
make -j8 all 
arm-none-eabi-size   stm32.elf 
   text	   data	    bss	    dec	    hex	filename
  43612	    852	   6172	  50636	   c5cc	stm32.elf
Finished building: default.size.stdout
 
10:36:00 **** Incremental Build of configuration Debug for project stm32 ****
make -j8 all 
arm-none-eabi-size   stm32.elf 
   text	   data	    bss	    dec	    hex	filename
  43612	    852	   6172	  50636	   c5cc	stm32.elf
Finished building: default.size.stdout
 
10:57:28 **** Incremental Build of configuration Debug for project stm32 ****
make -j8 all 
arm-none-eabi-size   stm32.elf 
   text	   data	    bss	    dec	    hex	filename
  43612	    852	   6172	  50636	   c5cc	stm32.elf
Finished building: default.size.stdout
 
11:08:09 **** Incremental Build of configuration Debug for project stm32 ****
make -j8 all 
arm-none-eabi-size   stm32.elf 
   text	   data	    bss	    dec	    hex	filename
  43612	    852	   6172	  50636	   c5cc	stm32.elf
Finished building: default.size.stdout
 
11:08:10 **** Incremental Build of configuration Debug for project stm32 ****
make -j8 all 
arm-none-eabi-size   stm32.elf 
   text	   data	    bss	    dec	    hex	filename
  43612	    852	   6172	  50636	   c5cc	stm32.elf
Finished building: default.size.stdout
 
11:15:24 **** Incremental Build of configuration Debug for project stm32 ****
make -j8 all 
arm-none-eabi-size   stm32.elf 
   text	   data	    bss	    dec	    hex	filename
  43612	    852	   6172	  50636	   c5cc	stm32.elf
Finished building: default.size.stdout
 
